615.203,-48.792
335.238,-48.8298
41.2599,-48.8571
-252.826,-49.0017
-546.898,-49.0664