631.095,-48.7444
351.101,-48.6454
57.0322,-48.7451
-237.004,-48.8088
-531.019,-48.9428